>{
#^ source.json.textmate punctuation.definition.dictionary.begin.json.tm
>	"version": "https://github.com/RedCMD/TmLanguage-Syntax-Highlighter/blob/main/syntaxes/scopes.tmLanguage.json",
#^ source.json.textmate
# ^ source.json.textmate punctuation.definition.string.begin.json.tm
#  ^^^^^^^ source.json.textmate keyword.property-name.string.version.json.tm
#         ^ source.json.textmate punctuation.definition.string.end.json.tm
#          ^ source.json.textmate punctuation.separator.dictionary.key-value.json.tm
#           ^ source.json.textmate
#            ^ source.json.textmate string.quoted.double.json.tm punctuation.definition.string.begin.json.tm
#             ^^^^^^^^^^^^^^^^^^^^^^^^^^^^^^^^^^^^^^^^^^^^^^^^^^^^^^^^^^^^^^^^^^^^^^^^^^^^^^^^^^^^^^^^^^^^^^^^^ source.json.textmate string.quoted.double.json.tm
#                                                                                                              ^ source.json.textmate string.quoted.double.json.tm punctuation.definition.string.end.json.tm
#                                                                                                               ^ source.json.textmate punctuation.separator.dictionary.json.tm
>	"$schema": "https://raw.githubusercontent.com/RedCMD/TmLanguage-Syntax-Highlighter/main/vscode.tmLanguage.schema.json",
#^ source.json.textmate
# ^ source.json.textmate punctuation.definition.string.begin.json.tm
#  ^^^^^^^ source.json.textmate keyword.property-name.string.schema.json.tm
#         ^ source.json.textmate punctuation.definition.string.end.json.tm
#          ^ source.json.textmate punctuation.separator.dictionary.key-value.json.tm
#           ^ source.json.textmate
#            ^ source.json.textmate string.quoted.double.json.tm punctuation.definition.string.begin.json.tm
#             ^^^^^^^^^^^^^^^^^^^^^^^^^^^^^^^^^^^^^^^^^^^^^^^^^^^^^^^^^^^^^^^^^^^^^^^^^^^^^^^^^^^^^^^^^^^^^^^^^^^^^^^^^ source.json.textmate string.quoted.double.json.tm
#                                                                                                                      ^ source.json.textmate string.quoted.double.json.tm punctuation.definition.string.end.json.tm
#                                                                                                                       ^ source.json.textmate punctuation.separator.dictionary.json.tm
>	"name": "VSCode JSON TextMate scope-name highlighter",
#^ source.json.textmate
# ^ source.json.textmate punctuation.definition.string.begin.json.tm
#  ^^^^ source.json.textmate keyword.property-name.string.name.json.tm
#      ^ source.json.textmate punctuation.definition.string.end.json.tm
#       ^ source.json.textmate punctuation.separator.dictionary.key-value.json.tm
#        ^ source.json.textmate
#         ^ source.json.textmate string.quoted.double.json.tm punctuation.definition.string.begin.json.tm
#          ^^^^^^^^^^^^^^^^^^^^^^^^^^^^^^^^^^^^^^^^^^^ source.json.textmate string.quoted.double.json.tm
#                                                     ^ source.json.textmate string.quoted.double.json.tm punctuation.definition.string.end.json.tm
#                                                      ^ source.json.textmate punctuation.separator.dictionary.json.tm
>	"scopeName": "source.textmate.scopes",
#^ source.json.textmate
# ^ source.json.textmate punctuation.definition.string.begin.json.tm
#  ^^^^^^^^^ source.json.textmate keyword.property-name.string.scopeName.json.tm
#           ^ source.json.textmate punctuation.definition.string.end.json.tm
#            ^ source.json.textmate punctuation.separator.dictionary.key-value.json.tm
#             ^ source.json.textmate
#              ^ source.json.textmate punctuation.definition.string.begin.json.tm
#               ^^^^^^ source.json.textmate support.function.json.tm
#                     ^ source.json.textmate support.function.json.tm
#                      ^^^^^^^^ source.json.textmate string.json.tm
#                              ^ source.json.textmate support.function.json.tm
#                               ^^^^^^ source.json.textmate string.json.tm
#                                     ^ source.json.textmate punctuation.definition.string.end.json.tm
#                                      ^ source.json.textmate punctuation.separator.dictionary.json.tm
>	"patterns": [
#^ source.json.textmate
# ^ source.json.textmate punctuation.definition.string.begin.json.tm
#  ^^^^^^^^ source.json.textmate keyword.property-name.string.patterns.json.tm
#          ^ source.json.textmate punctuation.definition.string.end.json.tm
#           ^ source.json.textmate punctuation.separator.dictionary.key-value.json.tm
#            ^ source.json.textmate
#             ^ source.json.textmate punctuation.definition.array.begin.json.tm
>		{ "include": "#scope-name" }
#^^ source.json.textmate
#  ^ source.json.textmate punctuation.definition.dictionary.begin.json.tm
#   ^ source.json.textmate
#    ^ source.json.textmate punctuation.definition.string.begin.json.tm
#     ^^^^^^^ source.json.textmate keyword.property-name.string.include.json.tm
#            ^ source.json.textmate punctuation.definition.string.end.json.tm
#             ^ source.json.textmate punctuation.separator.dictionary.key-value.json.tm
#              ^ source.json.textmate
#               ^ source.json.textmate punctuation.definition.string.begin.json.tm
#                ^ source.json.textmate regex keyword.json.tm
#                 ^^^^^^^^^^ source.json.textmate regex variable.json.tm
#                           ^ source.json.textmate punctuation.definition.string.end.json.tm
#                            ^ source.json.textmate
#                             ^ source.json.textmate punctuation.definition.dictionary.end.json.tm
>	],
#^ source.json.textmate
# ^ source.json.textmate punctuation.definition.array.end.json.tm
#  ^ source.json.textmate punctuation.separator.dictionary.json.tm
>	"repository": {
#^ source.json.textmate
# ^ source.json.textmate punctuation.definition.string.begin.json.tm
#  ^^^^^^^^^^ source.json.textmate keyword.property-name.string.repository.json.tm
#            ^ source.json.textmate punctuation.definition.string.end.json.tm
#             ^ source.json.textmate punctuation.separator.dictionary.key-value.json.tm
#              ^ source.json.textmate
#               ^ source.json.textmate punctuation.definition.dictionary.begin.json.tm
>		"scope-name": {
#^^ source.json.textmate
#  ^ source.json.textmate punctuation.definition.string.begin.json.tm
#   ^^^^^^^^^^ source.json.textmate variable.json.tm regex
#             ^ source.json.textmate punctuation.definition.string.end.json.tm
#              ^ source.json.textmate punctuation.separator.dictionary.key-value.json.tm
#               ^ source.json.textmate
#                ^ source.json.textmate punctuation.definition.dictionary.begin.json.tm
>			"begin": "^(?=(.+))",
#^^^ source.json.textmate
#   ^ source.json.textmate meta.begin.regexp punctuation.definition.string.begin.json.tm
#    ^^^^^ source.json.textmate meta.begin.regexp keyword.property-name.string.begin.json.tm
#         ^ source.json.textmate meta.begin.regexp punctuation.definition.string.end.json.tm
#          ^ source.json.textmate meta.begin.regexp punctuation.separator.dictionary.key-value.json.tm
#           ^ source.json.textmate meta.begin.regexp
#            ^ source.json.textmate meta.begin.regexp punctuation.definition.string.begin.json.tm
#             ^ source.json.textmate meta.begin.regexp meta.embedded.json.textmate.regexp variable.tm
#              ^ source.json.textmate meta.begin.regexp meta.embedded.json.textmate.regexp constant.character.set.regexp.tm markup.italic
#               ^^ source.json.textmate meta.begin.regexp meta.embedded.json.textmate.regexp support.function.tm
#                 ^ source.json.textmate meta.begin.regexp meta.embedded.json.textmate.regexp constant.character.set.regexp.tm strong
#                  ^ source.json.textmate meta.begin.regexp meta.embedded.json.textmate.regexp variable.other.enummember.tm
#                   ^ source.json.textmate meta.begin.regexp meta.embedded.json.textmate.regexp keyword.tm
#                    ^ source.json.textmate meta.begin.regexp meta.embedded.json.textmate.regexp constant.character.set.regexp.tm strong
#                     ^ source.json.textmate meta.begin.regexp meta.embedded.json.textmate.regexp constant.character.set.regexp.tm markup.italic
#                      ^ source.json.textmate meta.begin.regexp punctuation.definition.string.end.json.tm
#                       ^ source.json.textmate punctuation.separator.dictionary.json.tm
>			"end": "$",
#^^^ source.json.textmate
#   ^ source.json.textmate meta.end.regexp punctuation.definition.string.begin.json.tm
#    ^^^ source.json.textmate meta.end.regexp keyword.property-name.string.end.json.tm
#       ^ source.json.textmate meta.end.regexp punctuation.definition.string.end.json.tm
#        ^ source.json.textmate meta.end.regexp punctuation.separator.dictionary.key-value.json.tm
#         ^ source.json.textmate meta.end.regexp
#          ^ source.json.textmate meta.end.regexp punctuation.definition.string.begin.json.tm
#           ^ source.json.textmate meta.end.regexp meta.embedded.json.textmate.regexp variable.tm
#            ^ source.json.textmate meta.end.regexp punctuation.definition.string.end.json.tm
#             ^ source.json.textmate punctuation.separator.dictionary.json.tm
>			"name": "$1",
#^^^ source.json.textmate
#   ^ source.json.textmate punctuation.definition.string.begin.json.tm
#    ^^^^ source.json.textmate keyword.property-name.string.name.json.tm
#        ^ source.json.textmate punctuation.definition.string.end.json.tm
#         ^ source.json.textmate punctuation.separator.dictionary.key-value.json.tm
#          ^ source.json.textmate
#           ^ source.json.textmate $1 punctuation.definition.string.begin.json.tm
#            ^ source.json.textmate $1 constant.character.escape.json.tm
#             ^ source.json.textmate $1 constant.numeric.json.tm
#              ^ source.json.textmate $1 punctuation.definition.string.end.json.tm
#               ^ source.json.textmate punctuation.separator.dictionary.json.tm
>			"patterns": [
#^^^ source.json.textmate
#   ^ source.json.textmate punctuation.definition.string.begin.json.tm
#    ^^^^^^^^ source.json.textmate keyword.property-name.string.patterns.json.tm
#            ^ source.json.textmate punctuation.definition.string.end.json.tm
#             ^ source.json.textmate punctuation.separator.dictionary.key-value.json.tm
#              ^ source.json.textmate
#               ^ source.json.textmate punctuation.definition.array.begin.json.tm
>				{ "include": "source.json.textmate#escape-characters" },
#^^^^ source.json.textmate
#    ^ source.json.textmate punctuation.definition.dictionary.begin.json.tm
#     ^ source.json.textmate
#      ^ source.json.textmate punctuation.definition.string.begin.json.tm
#       ^^^^^^^ source.json.textmate keyword.property-name.string.include.json.tm
#              ^ source.json.textmate punctuation.definition.string.end.json.tm
#               ^ source.json.textmate punctuation.separator.dictionary.key-value.json.tm
#                ^ source.json.textmate
#                 ^ source.json.textmate punctuation.definition.string.begin.json.tm
#                  ^^^^^^^ source.json.textmate regex support.function.json.tm
#                         ^^^^ source.json.textmate regex string
#                             ^ source.json.textmate regex support.function.json.tm
#                              ^^^^^^^^ source.json.textmate regex string
#                                      ^ source.json.textmate regex keyword.json.tm
#                                       ^^^^^^^^^^^^^^^^^ source.json.textmate regex variable.json.tm
#                                                        ^ source.json.textmate punctuation.definition.string.end.json.tm
#                                                         ^ source.json.textmate
#                                                          ^ source.json.textmate punctuation.definition.dictionary.end.json.tm
#                                                           ^ source.json.textmate punctuation.separator.array.json.tm
>				{ "include": "source.json.textmate#name_scopes" }
#^^^^ source.json.textmate
#    ^ source.json.textmate punctuation.definition.dictionary.begin.json.tm
#     ^ source.json.textmate
#      ^ source.json.textmate punctuation.definition.string.begin.json.tm
#       ^^^^^^^ source.json.textmate keyword.property-name.string.include.json.tm
#              ^ source.json.textmate punctuation.definition.string.end.json.tm
#               ^ source.json.textmate punctuation.separator.dictionary.key-value.json.tm
#                ^ source.json.textmate
#                 ^ source.json.textmate punctuation.definition.string.begin.json.tm
#                  ^^^^^^^ source.json.textmate regex support.function.json.tm
#                         ^^^^ source.json.textmate regex string
#                             ^ source.json.textmate regex support.function.json.tm
#                              ^^^^^^^^ source.json.textmate regex string
#                                      ^ source.json.textmate regex keyword.json.tm
#                                       ^^^^^^^^^^^ source.json.textmate regex variable.json.tm
#                                                  ^ source.json.textmate punctuation.definition.string.end.json.tm
#                                                   ^ source.json.textmate
#                                                    ^ source.json.textmate punctuation.definition.dictionary.end.json.tm
>			]
#^^^ source.json.textmate
#   ^ source.json.textmate punctuation.definition.array.end.json.tm
>		}
#^^ source.json.textmate
#  ^ source.json.textmate punctuation.definition.dictionary.end.json.tm
>	}
#^ source.json.textmate
# ^ source.json.textmate punctuation.definition.dictionary.end.json.tm
>}
#^ source.json.textmate punctuation.definition.dictionary.end.json.tm